============================================
  CBT Exam System - Professional Build
============================================

[1/3] Closing running instances of CbtExam.exe...
.\build.bat : ERROR: Input redirection is not supported, exiting the process immediately.
At line:1 char:1
+ .\build.bat > build_output.txt 2>&1
+ ~~~~~~~~~~~~~~~~~~~~~~~~~~~~~~~~~~~
    + CategoryInfo          : NotSpecified: (ERROR: Input re...ss immediately.:String) [], RemoteException
    + FullyQualifiedErrorId : NativeCommandError
 
[2/3] Preparing clean output directory...
  Cleaning publish\CbtExam...
[3/4] Restoring NuGet packages...
  Determining projects to restore...
  Restored C:\Users\Admin\Desktop\Jamb-Mock-5eb194ef5b81906d9b80c45922d00317e3fa3887\Jamb-Mock-5eb194ef5b81906d9b80c45922d00317e3fa3887\src\CbtExam.Shared\CbtExam.Shared.csproj (in 1.02 sec).
  Restored C:\Users\Admin\Desktop\Jamb-Mock-5eb194ef5b81906d9b80c45922d00317e3fa3887\Jamb-Mock-5eb194ef5b81906d9b80c45922d00317e3fa3887\src\CbtExam.Api\CbtExam.Api.csproj (in 1.21 sec).
  Restored C:\Users\Admin\Desktop\Jamb-Mock-5eb194ef5b81906d9b80c45922d00317e3fa3887\Jamb-Mock-5eb194ef5b81906d9b80c45922d00317e3fa3887\src\CbtExam.Data\CbtExam.Data.csproj (in 1.23 sec).
  Restored C:\Users\Admin\Desktop\Jamb-Mock-5eb194ef5b81906d9b80c45922d00317e3fa3887\Jamb-Mock-5eb194ef5b81906d9b80c45922d00317e3fa3887\src\CbtExam.Desktop\CbtExam.Desktop.csproj (in 1.21 sec).
[4/4] Building and Publishing (Release win-x64)...
  Determining projects to restore...
  Restored C:\Users\Admin\Desktop\Jamb-Mock-5eb194ef5b81906d9b80c45922d00317e3fa3887\Jamb-Mock-5eb194ef5b81906d9b80c45922d00317e3fa3887\src\CbtExam.Shared\CbtExam.Shared.csproj (in 830 ms).
  Restored C:\Users\Admin\Desktop\Jamb-Mock-5eb194ef5b81906d9b80c45922d00317e3fa3887\Jamb-Mock-5eb194ef5b81906d9b80c45922d00317e3fa3887\src\CbtExam.Api\CbtExam.Api.csproj (in 853 ms).
  Restored C:\Users\Admin\Desktop\Jamb-Mock-5eb194ef5b81906d9b80c45922d00317e3fa3887\Jamb-Mock-5eb194ef5b81906d9b80c45922d00317e3fa3887\src\CbtExam.Desktop\CbtExam.Desktop.csproj (in 855 ms).
  Restored C:\Users\Admin\Desktop\Jamb-Mock-5eb194ef5b81906d9b80c45922d00317e3fa3887\Jamb-Mock-5eb194ef5b81906d9b80c45922d00317e3fa3887\src\CbtExam.Data\CbtExam.Data.csproj (in 916 ms).
  CbtExam.Shared -> C:\Users\Admin\Desktop\Jamb-Mock-5eb194ef5b81906d9b80c45922d00317e3fa3887\Jamb-Mock-5eb194ef5b81906d9b80c45922d00317e3fa3887\src\CbtExam.Shared\bin\Release\net8.0\CbtExam.Shared.dll
  CbtExam.Data -> C:\Users\Admin\Desktop\Jamb-Mock-5eb194ef5b81906d9b80c45922d00317e3fa3887\Jamb-Mock-5eb194ef5b81906d9b80c45922d00317e3fa3887\src\CbtExam.Data\bin\Release\net8.0\CbtExam.Data.dll
  CbtExam.Api -> C:\Users\Admin\Desktop\Jamb-Mock-5eb194ef5b81906d9b80c45922d00317e3fa3887\Jamb-Mock-5eb194ef5b81906d9b80c45922d00317e3fa3887\src\CbtExam.Api\bin\Release\net8.0\CbtExam.Api.dll
C:\Users\Admin\Desktop\Jamb-Mock-5eb194ef5b81906d9b80c45922d00317e3fa3887\Jamb-Mock-5eb194ef5b81906d9b80c45922d00317e3fa3887\src\CbtExam.Desktop\Views\DashboardView.xaml(167,67): error MC3089: The object 'Border' already has a child and cannot add 'UniformGrid'. 'Border' can accept only one child. Line 167 Position 67. [C:\Users\Admin\Desktop\Jamb-Mock-5eb194ef5b81906d9b80c45922d00317e3fa3887\Jamb-Mock-5eb194ef5b81906d9b80c45922d00317e3fa3887\src\CbtExam.Desktop\CbtExam.Desktop.csproj]
C:\Users\Admin\Desktop\Jamb-Mock-5eb194ef5b81906d9b80c45922d00317e3fa3887\Jamb-Mock-5eb194ef5b81906d9b80c45922d00317e3fa3887\src\CbtExam.Desktop\Views\DevicesView.xaml(37,133): error MC3072: The property 'LetterSpacing' does not exist in XML namespace 'http://schemas.microsoft.com/winfx/2006/xaml/presentation'. Line 37 Position 133. [C:\Users\Admin\Desktop\Jamb-Mock-5eb194ef5b81906d9b80c45922d00317e3fa3887\Jamb-Mock-5eb194ef5b81906d9b80c45922d00317e3fa3887\src\CbtExam.Desktop\CbtExam.Desktop.csproj]
C:\Users\Admin\Desktop\Jamb-Mock-5eb194ef5b81906d9b80c45922d00317e3fa3887\Jamb-Mock-5eb194ef5b81906d9b80c45922d00317e3fa3887\src\CbtExam.Desktop\Views\ReportsView.xaml(38,137): error MC3072: The property 'LetterSpacing' does not exist in XML namespace 'http://schemas.microsoft.com/winfx/2006/xaml/presentation'. Line 38 Position 137. [C:\Users\Admin\Desktop\Jamb-Mock-5eb194ef5b81906d9b80c45922d00317e3fa3887\Jamb-Mock-5eb194ef5b81906d9b80c45922d00317e3fa3887\src\CbtExam.Desktop\CbtExam.Desktop.csproj]
C:\Users\Admin\Desktop\Jamb-Mock-5eb194ef5b81906d9b80c45922d00317e3fa3887\Jamb-Mock-5eb194ef5b81906d9b80c45922d00317e3fa3887\src\CbtExam.Desktop\Views\ResultsView.xaml(40,133): error MC3072: The property 'LetterSpacing' does not exist in XML namespace 'http://schemas.microsoft.com/winfx/2006/xaml/presentation'. Line 40 Position 133. [C:\Users\Admin\Desktop\Jamb-Mock-5eb194ef5b81906d9b80c45922d00317e3fa3887\Jamb-Mock-5eb194ef5b81906d9b80c45922d00317e3fa3887\src\CbtExam.Desktop\CbtExam.Desktop.csproj]
C:\Users\Admin\Desktop\Jamb-Mock-5eb194ef5b81906d9b80c45922d00317e3fa3887\Jamb-Mock-5eb194ef5b81906d9b80c45922d00317e3fa3887\src\CbtExam.Desktop\Views\SessionView.xaml(62,153): error MC3072: The property 'LetterSpacing' does not exist in XML namespace 'http://schemas.microsoft.com/winfx/2006/xaml/presentation'. Line 62 Position 153. [C:\Users\Admin\Desktop\Jamb-Mock-5eb194ef5b81906d9b80c45922d00317e3fa3887\Jamb-Mock-5eb194ef5b81906d9b80c45922d00317e3fa3887\src\CbtExam.Desktop\CbtExam.Desktop.csproj]
C:\Users\Admin\Desktop\Jamb-Mock-5eb194ef5b81906d9b80c45922d00317e3fa3887\Jamb-Mock-5eb194ef5b81906d9b80c45922d00317e3fa3887\src\CbtExam.Desktop\Views\StudentsView.xaml(91,176): error MC3072: The property 'LetterSpacing' does not exist in XML namespace 'http://schemas.microsoft.com/winfx/2006/xaml/presentation'. Line 91 Position 176. [C:\Users\Admin\Desktop\Jamb-Mock-5eb194ef5b81906d9b80c45922d00317e3fa3887\Jamb-Mock-5eb194ef5b81906d9b80c45922d00317e3fa3887\src\CbtExam.Desktop\CbtExam.Desktop.csproj]

--------------------------------------------
  BUILD FAILED! 
  Please check the error messages above.
--------------------------------------------
